C:\Users\katori\Desktop\YbDDSControl\DDSbox\VHDL_files\Pulser_w_2016_06_10\photon\photon.ngc 1473904141
C:\Users\katori\Desktop\YbDDSControl\DDSbox\VHDL_files\Pulser_w_2016_06_10\photon/okWireIn.ngc 1473903574
C:\Users\katori\Desktop\YbDDSControl\DDSbox\VHDL_files\Pulser_w_2016_06_10\photon/okTriggerIn.ngc 1473903574
C:\Users\katori\Desktop\YbDDSControl\DDSbox\VHDL_files\Pulser_w_2016_06_10\photon/okWireOut.ngc 1473903574
C:\Users\katori\Desktop\YbDDSControl\DDSbox\VHDL_files\Pulser_w_2016_06_10\photon/okBTPipeIn.ngc 1473903574
C:\Users\katori\Desktop\YbDDSControl\DDSbox\VHDL_files\Pulser_w_2016_06_10\photon/okBTPipeOut.ngc 1473903574
ipcore_dir/usb_dds_fifo.ngc 1473903574
C:\Users\katori\Desktop\YbDDSControl\DDSbox\VHDL_files\Pulser_w_2016_06_10\photon/pulse_fifo.ngc 1473903575
C:\Users\katori\Desktop\YbDDSControl\DDSbox\VHDL_files\Pulser_w_2016_06_10\photon/fifo_photon.ngc 1473903572
C:\Users\katori\Desktop\YbDDSControl\DDSbox\VHDL_files\Pulser_w_2016_06_10\photon/normal_pmt_fifo.ngc 1473903574
ipcore_dir/readout_count_fifo.ngc 1473903574
C:\Users\katori\Desktop\YbDDSControl\DDSbox\VHDL_files\Pulser_w_2016_06_10\photon/dds_fifo.ngc 1473903572
C:\Users\katori\Desktop\YbDDSControl\DDSbox\VHDL_files\Pulser_w_2016_06_10\photon/pulser_ram.ngc 1473903575
C:\Users\katori\Desktop\YbDDSControl\DDSbox\VHDL_files\Pulser_w_2016_06_10\photon/okCoreHarness.ngc 1473903574
C:\Users\katori\Desktop\YbDDSControl\DDSbox\VHDL_files\Pulser_w_2016_06_10\photon/TFIFO64x8a_64x8b.ngc 1473903572
OK
